This is XeTeX, Version 3.141592653-2.6-0.999997 (TeX Live 2025) (preloaded format=xelatex 2025.3.8)  1 APR 2026 19:41
entering extended mode
 restricted \write18 enabled.
 %&-line parsing enabled.
**\documentclass{standalone}\usepackage{tikz}\begin{document}\input{Tex/Fig_Por
ting_NterpFrame.tex}\end{document}
(/usr/local/texlive/2025/texmf-dist/tex/latex/standalone/standalone.cls
Document Class: standalone 2025/02/22 v1.5a Class to compile TeX sub-files stan
dalone
(/usr/local/texlive/2025/texmf-dist/tex/latex/tools/shellesc.sty
Package: shellesc 2023/07/08 v1.0d unified shell escape interface for LaTeX
Package shellesc Info: Restricted shell escape enabled on input line 77.
)
(/usr/local/texlive/2025/texmf-dist/tex/generic/iftex/ifluatex.sty
Package: ifluatex 2019/10/25 v1.5 ifluatex legacy package. Use iftex instead.

(/usr/local/texlive/2025/texmf-dist/tex/generic/iftex/iftex.sty
Package: iftex 2024/12/12 v1.0g TeX engine tests
))
(/usr/local/texlive/2025/texmf-dist/tex/latex/xkeyval/xkeyval.sty
Package: xkeyval 2022/06/16 v2.9 package option processing (HA)

(/usr/local/texlive/2025/texmf-dist/tex/generic/xkeyval/xkeyval.tex
(/usr/local/texlive/2025/texmf-dist/tex/generic/xkeyval/xkvutils.tex
\XKV@toks=\toks17
\XKV@tempa@toks=\toks18

(/usr/local/texlive/2025/texmf-dist/tex/generic/xkeyval/keyval.tex))
\XKV@depth=\count192
File: xkeyval.tex 2014/12/03 v2.7a key=value parser (HA)
))
\sa@internal=\count193
\c@sapage=\count194

(/usr/local/texlive/2025/texmf-dist/tex/latex/standalone/standalone.cfg
File: standalone.cfg 2025/02/22 v1.5a Default configuration file for 'standalon
e' class
)
(/usr/local/texlive/2025/texmf-dist/tex/latex/base/article.cls
Document Class: article 2024/06/29 v1.4n Standard LaTeX document class
(/usr/local/texlive/2025/texmf-dist/tex/latex/base/size10.clo
File: size10.clo 2024/06/29 v1.4n Standard LaTeX file (size option)
)
\c@part=\count195
\c@section=\count196
\c@subsection=\count197
\c@subsubsection=\count198
\c@paragraph=\count199
\c@subparagraph=\count266
\c@figure=\count267
\c@table=\count268
\abovecaptionskip=\skip49
\belowcaptionskip=\skip50
\bibindent=\dimen141
)
\sa@box=\box52
)
(/usr/local/texlive/2025/texmf-dist/tex/latex/pgf/frontendlayer/tikz.sty
(/usr/local/texlive/2025/texmf-dist/tex/latex/pgf/basiclayer/pgf.sty
(/usr/local/texlive/2025/texmf-dist/tex/latex/pgf/utilities/pgfrcs.sty
(/usr/local/texlive/2025/texmf-dist/tex/generic/pgf/utilities/pgfutil-common.te
x
\pgfutil@everybye=\toks19
\pgfutil@tempdima=\dimen142
\pgfutil@tempdimb=\dimen143
)
(/usr/local/texlive/2025/texmf-dist/tex/generic/pgf/utilities/pgfutil-latex.def
\pgfutil@abb=\box53
) (/usr/local/texlive/2025/texmf-dist/tex/generic/pgf/utilities/pgfrcs.code.tex
(/usr/local/texlive/2025/texmf-dist/tex/generic/pgf/pgf.revision.tex)
Package: pgfrcs 2023-01-15 v3.1.10 (3.1.10)
))
Package: pgf 2023-01-15 v3.1.10 (3.1.10)

(/usr/local/texlive/2025/texmf-dist/tex/latex/pgf/basiclayer/pgfcore.sty
(/usr/local/texlive/2025/texmf-dist/tex/latex/graphics/graphicx.sty
Package: graphicx 2021/09/16 v1.2d Enhanced LaTeX Graphics (DPC,SPQR)

(/usr/local/texlive/2025/texmf-dist/tex/latex/graphics/graphics.sty
Package: graphics 2024/08/06 v1.4g Standard LaTeX Graphics (DPC,SPQR)

(/usr/local/texlive/2025/texmf-dist/tex/latex/graphics/trig.sty
Package: trig 2023/12/02 v1.11 sin cos tan (DPC)
)
(/usr/local/texlive/2025/texmf-dist/tex/latex/graphics-cfg/graphics.cfg
File: graphics.cfg 2016/06/04 v1.11 sample graphics configuration
)
Package graphics Info: Driver file: xetex.def on input line 106.

(/usr/local/texlive/2025/texmf-dist/tex/latex/graphics-def/xetex.def
File: xetex.def 2022/09/22 v5.0n Graphics/color driver for xetex
))
\Gin@req@height=\dimen144
\Gin@req@width=\dimen145
)
(/usr/local/texlive/2025/texmf-dist/tex/latex/pgf/systemlayer/pgfsys.sty
(/usr/local/texlive/2025/texmf-dist/tex/generic/pgf/systemlayer/pgfsys.code.tex
Package: pgfsys 2023-01-15 v3.1.10 (3.1.10)
(/usr/local/texlive/2025/texmf-dist/tex/generic/pgf/utilities/pgfkeys.code.tex
\pgfkeys@pathtoks=\toks20
\pgfkeys@temptoks=\toks21

(/usr/local/texlive/2025/texmf-dist/tex/generic/pgf/utilities/pgfkeyslibraryfil
tered.code.tex
\pgfkeys@tmptoks=\toks22
))
\pgf@x=\dimen146
\pgf@y=\dimen147
\pgf@xa=\dimen148
\pgf@ya=\dimen149
\pgf@xb=\dimen150
\pgf@yb=\dimen151
\pgf@xc=\dimen152
\pgf@yc=\dimen153
\pgf@xd=\dimen154
\pgf@yd=\dimen155
\w@pgf@writea=\write3
\r@pgf@reada=\read2
\c@pgf@counta=\count269
\c@pgf@countb=\count270
\c@pgf@countc=\count271
\c@pgf@countd=\count272
\t@pgf@toka=\toks23
\t@pgf@tokb=\toks24
\t@pgf@tokc=\toks25
\pgf@sys@id@count=\count273

(/usr/local/texlive/2025/texmf-dist/tex/generic/pgf/systemlayer/pgf.cfg
File: pgf.cfg 2023-01-15 v3.1.10 (3.1.10)
)
Driver file for pgf: pgfsys-xetex.def

(/usr/local/texlive/2025/texmf-dist/tex/generic/pgf/systemlayer/pgfsys-xetex.de
f
File: pgfsys-xetex.def 2023-01-15 v3.1.10 (3.1.10)

(/usr/local/texlive/2025/texmf-dist/tex/generic/pgf/systemlayer/pgfsys-dvipdfmx
.def
File: pgfsys-dvipdfmx.def 2023-01-15 v3.1.10 (3.1.10)

(/usr/local/texlive/2025/texmf-dist/tex/generic/pgf/systemlayer/pgfsys-common-p
df.def
File: pgfsys-common-pdf.def 2023-01-15 v3.1.10 (3.1.10)
)
\pgfsys@objnum=\count274
)))
(/usr/local/texlive/2025/texmf-dist/tex/generic/pgf/systemlayer/pgfsyssoftpath.
code.tex
File: pgfsyssoftpath.code.tex 2023-01-15 v3.1.10 (3.1.10)
\pgfsyssoftpath@smallbuffer@items=\count275
\pgfsyssoftpath@bigbuffer@items=\count276
)
(/usr/local/texlive/2025/texmf-dist/tex/generic/pgf/systemlayer/pgfsysprotocol.
code.tex
File: pgfsysprotocol.code.tex 2023-01-15 v3.1.10 (3.1.10)
)) (/usr/local/texlive/2025/texmf-dist/tex/latex/xcolor/xcolor.sty
Package: xcolor 2024/09/29 v3.02 LaTeX color extensions (UK)

(/usr/local/texlive/2025/texmf-dist/tex/latex/graphics-cfg/color.cfg
File: color.cfg 2016/01/02 v1.6 sample color configuration
)
Package xcolor Info: Driver file: xetex.def on input line 274.

(/usr/local/texlive/2025/texmf-dist/tex/latex/graphics/mathcolor.ltx)
Package xcolor Info: Model `cmy' substituted by `cmy0' on input line 1349.
Package xcolor Info: Model `RGB' extended on input line 1365.
Package xcolor Info: Model `HTML' substituted by `rgb' on input line 1367.
Package xcolor Info: Model `Hsb' substituted by `hsb' on input line 1368.
Package xcolor Info: Model `tHsb' substituted by `hsb' on input line 1369.
Package xcolor Info: Model `HSB' substituted by `hsb' on input line 1370.
Package xcolor Info: Model `Gray' substituted by `gray' on input line 1371.
Package xcolor Info: Model `wave' substituted by `hsb' on input line 1372.
)
(/usr/local/texlive/2025/texmf-dist/tex/generic/pgf/basiclayer/pgfcore.code.tex
Package: pgfcore 2023-01-15 v3.1.10 (3.1.10)
(/usr/local/texlive/2025/texmf-dist/tex/generic/pgf/math/pgfmath.code.tex
(/usr/local/texlive/2025/texmf-dist/tex/generic/pgf/math/pgfmathutil.code.tex)
(/usr/local/texlive/2025/texmf-dist/tex/generic/pgf/math/pgfmathparser.code.tex
\pgfmath@dimen=\dimen156
\pgfmath@count=\count277
\pgfmath@box=\box54
\pgfmath@toks=\toks26
\pgfmath@stack@operand=\toks27
\pgfmath@stack@operation=\toks28
)
(/usr/local/texlive/2025/texmf-dist/tex/generic/pgf/math/pgfmathfunctions.code.
tex)
(/usr/local/texlive/2025/texmf-dist/tex/generic/pgf/math/pgfmathfunctions.basic
.code.tex)
(/usr/local/texlive/2025/texmf-dist/tex/generic/pgf/math/pgfmathfunctions.trigo
nometric.code.tex)
(/usr/local/texlive/2025/texmf-dist/tex/generic/pgf/math/pgfmathfunctions.rando
m.code.tex)
(/usr/local/texlive/2025/texmf-dist/tex/generic/pgf/math/pgfmathfunctions.compa
rison.code.tex)
(/usr/local/texlive/2025/texmf-dist/tex/generic/pgf/math/pgfmathfunctions.base.
code.tex)
(/usr/local/texlive/2025/texmf-dist/tex/generic/pgf/math/pgfmathfunctions.round
.code.tex)
(/usr/local/texlive/2025/texmf-dist/tex/generic/pgf/math/pgfmathfunctions.misc.
code.tex)
(/usr/local/texlive/2025/texmf-dist/tex/generic/pgf/math/pgfmathfunctions.integ
erarithmetics.code.tex)
(/usr/local/texlive/2025/texmf-dist/tex/generic/pgf/math/pgfmathcalc.code.tex)
(/usr/local/texlive/2025/texmf-dist/tex/generic/pgf/math/pgfmathfloat.code.tex
\c@pgfmathroundto@lastzeros=\count278
)) (/usr/local/texlive/2025/texmf-dist/tex/generic/pgf/math/pgfint.code.tex)
(/usr/local/texlive/2025/texmf-dist/tex/generic/pgf/basiclayer/pgfcorepoints.co
de.tex
File: pgfcorepoints.code.tex 2023-01-15 v3.1.10 (3.1.10)
\pgf@picminx=\dimen157
\pgf@picmaxx=\dimen158
\pgf@picminy=\dimen159
\pgf@picmaxy=\dimen160
\pgf@pathminx=\dimen161
\pgf@pathmaxx=\dimen162
\pgf@pathminy=\dimen163
\pgf@pathmaxy=\dimen164
\pgf@xx=\dimen165
\pgf@xy=\dimen166
\pgf@yx=\dimen167
\pgf@yy=\dimen168
\pgf@zx=\dimen169
\pgf@zy=\dimen170
)
(/usr/local/texlive/2025/texmf-dist/tex/generic/pgf/basiclayer/pgfcorepathconst
ruct.code.tex
File: pgfcorepathconstruct.code.tex 2023-01-15 v3.1.10 (3.1.10)
\pgf@path@lastx=\dimen171
\pgf@path@lasty=\dimen172
)
(/usr/local/texlive/2025/texmf-dist/tex/generic/pgf/basiclayer/pgfcorepathusage
.code.tex
File: pgfcorepathusage.code.tex 2023-01-15 v3.1.10 (3.1.10)
\pgf@shorten@end@additional=\dimen173
\pgf@shorten@start@additional=\dimen174
)
(/usr/local/texlive/2025/texmf-dist/tex/generic/pgf/basiclayer/pgfcorescopes.co
de.tex
File: pgfcorescopes.code.tex 2023-01-15 v3.1.10 (3.1.10)
\pgfpic=\box55
\pgf@hbox=\box56
\pgf@layerbox@main=\box57
\pgf@picture@serial@count=\count279
)
(/usr/local/texlive/2025/texmf-dist/tex/generic/pgf/basiclayer/pgfcoregraphicst
ate.code.tex
File: pgfcoregraphicstate.code.tex 2023-01-15 v3.1.10 (3.1.10)
\pgflinewidth=\dimen175
)
(/usr/local/texlive/2025/texmf-dist/tex/generic/pgf/basiclayer/pgfcoretransform
ations.code.tex
File: pgfcoretransformations.code.tex 2023-01-15 v3.1.10 (3.1.10)
\pgf@pt@x=\dimen176
\pgf@pt@y=\dimen177
\pgf@pt@temp=\dimen178
)
(/usr/local/texlive/2025/texmf-dist/tex/generic/pgf/basiclayer/pgfcorequick.cod
e.tex
File: pgfcorequick.code.tex 2023-01-15 v3.1.10 (3.1.10)
)
(/usr/local/texlive/2025/texmf-dist/tex/generic/pgf/basiclayer/pgfcoreobjects.c
ode.tex
File: pgfcoreobjects.code.tex 2023-01-15 v3.1.10 (3.1.10)
)
(/usr/local/texlive/2025/texmf-dist/tex/generic/pgf/basiclayer/pgfcorepathproce
ssing.code.tex
File: pgfcorepathprocessing.code.tex 2023-01-15 v3.1.10 (3.1.10)
)
(/usr/local/texlive/2025/texmf-dist/tex/generic/pgf/basiclayer/pgfcorearrows.co
de.tex
File: pgfcorearrows.code.tex 2023-01-15 v3.1.10 (3.1.10)
\pgfarrowsep=\dimen179
)
(/usr/local/texlive/2025/texmf-dist/tex/generic/pgf/basiclayer/pgfcoreshade.cod
e.tex
File: pgfcoreshade.code.tex 2023-01-15 v3.1.10 (3.1.10)
\pgf@max=\dimen180
\pgf@sys@shading@range@num=\count280
\pgf@shadingcount=\count281
)
(/usr/local/texlive/2025/texmf-dist/tex/generic/pgf/basiclayer/pgfcoreimage.cod
e.tex
File: pgfcoreimage.code.tex 2023-01-15 v3.1.10 (3.1.10)
)
(/usr/local/texlive/2025/texmf-dist/tex/generic/pgf/basiclayer/pgfcoreexternal.
code.tex
File: pgfcoreexternal.code.tex 2023-01-15 v3.1.10 (3.1.10)
\pgfexternal@startupbox=\box58
)
(/usr/local/texlive/2025/texmf-dist/tex/generic/pgf/basiclayer/pgfcorelayers.co
de.tex
File: pgfcorelayers.code.tex 2023-01-15 v3.1.10 (3.1.10)
)
(/usr/local/texlive/2025/texmf-dist/tex/generic/pgf/basiclayer/pgfcoretranspare
ncy.code.tex
File: pgfcoretransparency.code.tex 2023-01-15 v3.1.10 (3.1.10)
)
(/usr/local/texlive/2025/texmf-dist/tex/generic/pgf/basiclayer/pgfcorepatterns.
code.tex
File: pgfcorepatterns.code.tex 2023-01-15 v3.1.10 (3.1.10)
)
(/usr/local/texlive/2025/texmf-dist/tex/generic/pgf/basiclayer/pgfcorerdf.code.
tex
File: pgfcorerdf.code.tex 2023-01-15 v3.1.10 (3.1.10)
)))
(/usr/local/texlive/2025/texmf-dist/tex/generic/pgf/modules/pgfmoduleshapes.cod
e.tex
File: pgfmoduleshapes.code.tex 2023-01-15 v3.1.10 (3.1.10)
\pgfnodeparttextbox=\box59
)
(/usr/local/texlive/2025/texmf-dist/tex/generic/pgf/modules/pgfmoduleplot.code.
tex
File: pgfmoduleplot.code.tex 2023-01-15 v3.1.10 (3.1.10)
)
(/usr/local/texlive/2025/texmf-dist/tex/latex/pgf/compatibility/pgfcomp-version
-0-65.sty
Package: pgfcomp-version-0-65 2023-01-15 v3.1.10 (3.1.10)
\pgf@nodesepstart=\dimen181
\pgf@nodesepend=\dimen182
)
(/usr/local/texlive/2025/texmf-dist/tex/latex/pgf/compatibility/pgfcomp-version
-1-18.sty
Package: pgfcomp-version-1-18 2023-01-15 v3.1.10 (3.1.10)
))
(/usr/local/texlive/2025/texmf-dist/tex/latex/pgf/utilities/pgffor.sty
(/usr/local/texlive/2025/texmf-dist/tex/latex/pgf/utilities/pgfkeys.sty
(/usr/local/texlive/2025/texmf-dist/tex/generic/pgf/utilities/pgfkeys.code.tex)
) (/usr/local/texlive/2025/texmf-dist/tex/latex/pgf/math/pgfmath.sty
(/usr/local/texlive/2025/texmf-dist/tex/generic/pgf/math/pgfmath.code.tex))
(/usr/local/texlive/2025/texmf-dist/tex/generic/pgf/utilities/pgffor.code.tex
Package: pgffor 2023-01-15 v3.1.10 (3.1.10)
\pgffor@iter=\dimen183
\pgffor@skip=\dimen184
\pgffor@stack=\toks29
\pgffor@toks=\toks30
))
(/usr/local/texlive/2025/texmf-dist/tex/generic/pgf/frontendlayer/tikz/tikz.cod
e.tex
Package: tikz 2023-01-15 v3.1.10 (3.1.10)

(/usr/local/texlive/2025/texmf-dist/tex/generic/pgf/libraries/pgflibraryplothan
dlers.code.tex
File: pgflibraryplothandlers.code.tex 2023-01-15 v3.1.10 (3.1.10)
\pgf@plot@mark@count=\count282
\pgfplotmarksize=\dimen185
)
\tikz@lastx=\dimen186
\tikz@lasty=\dimen187
\tikz@lastxsaved=\dimen188
\tikz@lastysaved=\dimen189
\tikz@lastmovetox=\dimen190
\tikz@lastmovetoy=\dimen191
\tikzleveldistance=\dimen192
\tikzsiblingdistance=\dimen193
\tikz@figbox=\box60
\tikz@figbox@bg=\box61
\tikz@tempbox=\box62
\tikz@tempbox@bg=\box63
\tikztreelevel=\count283
\tikznumberofchildren=\count284
\tikznumberofcurrentchild=\count285
\tikz@fig@count=\count286

(/usr/local/texlive/2025/texmf-dist/tex/generic/pgf/modules/pgfmodulematrix.cod
e.tex
File: pgfmodulematrix.code.tex 2023-01-15 v3.1.10 (3.1.10)
\pgfmatrixcurrentrow=\count287
\pgfmatrixcurrentcolumn=\count288
\pgf@matrix@numberofcolumns=\count289
)
\tikz@expandcount=\count290

(/usr/local/texlive/2025/texmf-dist/tex/generic/pgf/frontendlayer/tikz/librarie
s/tikzlibrarytopaths.code.tex
File: tikzlibrarytopaths.code.tex 2023-01-15 v3.1.10 (3.1.10)
)))
(/usr/local/texlive/2025/texmf-dist/tex/latex/l3backend/l3backend-xetex.def
File: l3backend-xetex.def 2024-05-08 L3 backend support: XeTeX
\g__graphics_track_int=\count291
\l__pdf_internal_box=\box64
\g__pdf_backend_annotation_int=\count292
\g__pdf_backend_link_int=\count293
)
No file _nterp_preview.aux.
\openout1 = `_nterp_preview.aux'.

LaTeX Font Info:    Checking defaults for OML/cmm/m/it on input line 0.
LaTeX Font Info:    ... okay on input line 0.
LaTeX Font Info:    Checking defaults for OMS/cmsy/m/n on input line 0.
LaTeX Font Info:    ... okay on input line 0.
LaTeX Font Info:    Checking defaults for OT1/cmr/m/n on input line 0.
LaTeX Font Info:    ... okay on input line 0.
LaTeX Font Info:    Checking defaults for T1/cmr/m/n on input line 0.
LaTeX Font Info:    ... okay on input line 0.
LaTeX Font Info:    Checking defaults for TS1/cmr/m/n on input line 0.
LaTeX Font Info:    ... okay on input line 0.
LaTeX Font Info:    Checking defaults for TU/lmr/m/n on input line 0.
LaTeX Font Info:    ... okay on input line 0.
LaTeX Font Info:    Checking defaults for OMX/cmex/m/n on input line 0.
LaTeX Font Info:    ... okay on input line 0.
LaTeX Font Info:    Checking defaults for U/cmr/m/n on input line 0.
LaTeX Font Info:    ... okay on input line 0.
(./Tex/Fig_Porting_NterpFrame.tex
Missing character: There is no 调 (U+8C03) in font [lmroman9-regular]:mapping=te
x-text;!
Missing character: There is no 用 (U+7528) in font [lmroman9-regular]:mapping=te
x-text;!
Missing character: There is no 者 (U+8005) in font [lmroman9-regular]:mapping=te
x-text;!
Missing character: There is no 帧 (U+5E27) in font [lmroman9-regular]:mapping=te
x-text;!
Missing character: There is no 返 (U+8FD4) in font [lmroman9-regular]:mapping=te
x-text;!
Missing character: There is no 回 (U+56DE) in font [lmroman9-regular]:mapping=te
x-text;!
Missing character: There is no 地 (U+5730) in font [lmroman9-regular]:mapping=te
x-text;!
Missing character: There is no 址 (U+5740) in font [lmroman9-regular]:mapping=te
x-text;!
Missing character: There is no 与 (U+4E0E) in font [lmroman9-regular]:mapping=te
x-text;!
Missing character: There is no 保 (U+4FDD) in font [lmroman9-regular]:mapping=te
x-text;!
Missing character: There is no 存 (U+5B58) in font [lmroman9-regular]:mapping=te
x-text;!
Missing character: There is no 现 (U+73B0) in font [lmroman9-regular]:mapping=te
x-text;!
Missing character: There is no 场 (U+573A) in font [lmroman9-regular]:mapping=te
x-text;!
Missing character: There is no 寄 (U+5BC4) in font [lmroman9-regular]:mapping=te
x-text;!
Missing character: There is no 存 (U+5B58) in font [lmroman9-regular]:mapping=te
x-text;!
Missing character: There is no 器 (U+5668) in font [lmroman9-regular]:mapping=te
x-text;!
Missing character: There is no 调 (U+8C03) in font [lmroman9-regular]:mapping=te
x-text;!
Missing character: There is no 用 (U+7528) in font [lmroman9-regular]:mapping=te
x-text;!
Missing character: There is no 桩 (U+6869) in font [lmroman9-regular]:mapping=te
x-text;!
Missing character: There is no 恢 (U+6062) in font [lmroman9-regular]:mapping=te
x-text;!
Missing character: There is no 复 (U+590D) in font [lmroman9-regular]:mapping=te
x-text;!
Missing character: There is no 信 (U+4FE1) in font [lmroman9-regular]:mapping=te
x-text;!
Missing character: There is no 息 (U+606F) in font [lmroman9-regular]:mapping=te
x-text;!
Missing character: There is no 与 (U+4E0E) in font [lmroman9-regular]:mapping=te
x-text;!
Missing character: There is no 帧 (U+5E27) in font [lmroman9-regular]:mapping=te
x-text;!
Missing character: There is no 元 (U+5143) in font [lmroman9-regular]:mapping=te
x-text;!
Missing character: There is no 数 (U+6570) in font [lmroman9-regular]:mapping=te
x-text;!
Missing character: There is no 据 (U+636E) in font [lmroman9-regular]:mapping=te
x-text;!
Missing character: There is no 供 (U+4F9B) in font [lmroman9-regular]:mapping=te
x-text;!
Missing character: There is no 调 (U+8C03) in font [lmroman9-regular]:mapping=te
x-text;!
Missing character: There is no 用 (U+7528) in font [lmroman9-regular]:mapping=te
x-text;!
Missing character: There is no 边 (U+8FB9) in font [lmroman9-regular]:mapping=te
x-text;!
Missing character: There is no 界 (U+754C) in font [lmroman9-regular]:mapping=te
x-text;!
Missing character: There is no 、 (U+3001) in font [lmroman9-regular]:mapping=te
x-text;!
Missing character: There is no 异 (U+5F02) in font [lmroman9-regular]:mapping=te
x-text;!
Missing character: There is no 常 (U+5E38) in font [lmroman9-regular]:mapping=te
x-text;!
Missing character: There is no 展 (U+5C55) in font [lmroman9-regular]:mapping=te
x-text;!
Missing character: There is no 开 (U+5F00) in font [lmroman9-regular]:mapping=te
x-text;!
Missing character: There is no 和 (U+548C) in font [lmroman9-regular]:mapping=te
x-text;!
Missing character: There is no 栈 (U+6808) in font [lmroman9-regular]:mapping=te
x-text;!
Missing character: There is no 回 (U+56DE) in font [lmroman9-regular]:mapping=te
x-text;!
Missing character: There is no 溯 (U+6EAF) in font [lmroman9-regular]:mapping=te
x-text;!
Missing character: There is no 识 (U+8BC6) in font [lmroman9-regular]:mapping=te
x-text;!
Missing character: There is no 别 (U+522B) in font [lmroman9-regular]:mapping=te
x-text;!
Missing character: There is no 当 (U+5F53) in font [lmroman9-regular]:mapping=te
x-text;!
Missing character: There is no 前 (U+524D) in font [lmroman9-regular]:mapping=te
x-text;!
Missing character: There is no 方 (U+65B9) in font [lmroman9-regular]:mapping=te
x-text;!
Missing character: There is no 法 (U+6CD5) in font [lmroman9-regular]:mapping=te
x-text;!
Missing character: There is no 上 (U+4E0A) in font [lmroman9-regular]:mapping=te
x-text;!
Missing character: There is no 下 (U+4E0B) in font [lmroman9-regular]:mapping=te
x-text;!
Missing character: There is no 文 (U+6587) in font [lmroman9-regular]:mapping=te
x-text;!
Missing character: There is no 供 (U+4F9B) in font [lmroman9-regular]:mapping=te
x-text;!
Missing character: There is no 异 (U+5F02) in font [lmroman9-regular]:mapping=te
x-text;!
Missing character: There is no 常 (U+5E38) in font [lmroman9-regular]:mapping=te
x-text;!
Missing character: There is no 处 (U+5904) in font [lmroman9-regular]:mapping=te
x-text;!
Missing character: There is no 理 (U+7406) in font [lmroman9-regular]:mapping=te
x-text;!
Missing character: There is no 与 (U+4E0E) in font [lmroman9-regular]:mapping=te
x-text;!
Missing character: There is no 解 (U+89E3) in font [lmroman9-regular]:mapping=te
x-text;!
Missing character: There is no 释 (U+91CA) in font [lmroman9-regular]:mapping=te
x-text;!
Missing character: There is no 器 (U+5668) in font [lmroman9-regular]:mapping=te
x-text;!
Missing character: There is no 继 (U+7EE7) in font [lmroman9-regular]:mapping=te
x-text;!
Missing character: There is no 续 (U+7EED) in font [lmroman9-regular]:mapping=te
x-text;!
Missing character: There is no 执 (U+6267) in font [lmroman9-regular]:mapping=te
x-text;!
Missing character: There is no 行 (U+884C) in font [lmroman9-regular]:mapping=te
x-text;!
Missing character: There is no 定 (U+5B9A) in font [lmroman9-regular]:mapping=te
x-text;!
Missing character: There is no 位 (U+4F4D) in font [lmroman9-regular]:mapping=te
x-text;!
Missing character: There is no 当 (U+5F53) in font [lmroman9-regular]:mapping=te
x-text;!
Missing character: There is no 前 (U+524D) in font [lmroman9-regular]:mapping=te
x-text;!
Missing character: There is no 位 (U+4F4D) in font [lmroman9-regular]:mapping=te
x-text;!
Missing character: There is no 置 (U+7F6E) in font [lmroman9-regular]:mapping=te
x-text;!
Missing character: There is no 供 (U+4F9B) in font [lmroman9-regular]:mapping=te
x-text;!
Missing character: There is no 扫 (U+626B) in font [lmroman9-regular]:mapping=te
x-text;!
Missing character: There is no 描 (U+63CF) in font [lmroman9-regular]:mapping=te
x-text;!
Missing character: There is no 帧 (U+5E27) in font [lmroman9-regular]:mapping=te
x-text;!
Missing character: There is no 中 (U+4E2D) in font [lmroman9-regular]:mapping=te
x-text;!
Missing character: There is no 的 (U+7684) in font [lmroman9-regular]:mapping=te
x-text;!
Missing character: There is no 引 (U+5F15) in font [lmroman9-regular]:mapping=te
x-text;!
Missing character: There is no 用 (U+7528) in font [lmroman9-regular]:mapping=te
x-text;!
Missing character: There is no 槽 (U+69FD) in font [lmroman9-regular]:mapping=te
x-text;!
Missing character: There is no 位 (U+4F4D) in font [lmroman9-regular]:mapping=te
x-text;!
Missing character: There is no 数 (U+6570) in font [lmroman9-regular]:mapping=te
x-text;!
Missing character: There is no 组 (U+7EC4) in font [lmroman9-regular]:mapping=te
x-text;!
Missing character: There is no 保 (U+4FDD) in font [lmroman9-regular]:mapping=te
x-text;!
Missing character: There is no 存 (U+5B58) in font [lmroman9-regular]:mapping=te
x-text;!
Missing character: There is no 解 (U+89E3) in font [lmroman9-regular]:mapping=te
x-text;!
Missing character: There is no 释 (U+91CA) in font [lmroman9-regular]:mapping=te
x-text;!
Missing character: There is no 执 (U+6267) in font [lmroman9-regular]:mapping=te
x-text;!
Missing character: There is no 行 (U+884C) in font [lmroman9-regular]:mapping=te
x-text;!
Missing character: There is no 所 (U+6240) in font [lmroman9-regular]:mapping=te
x-text;!
Missing character: There is no 需 (U+9700) in font [lmroman9-regular]:mapping=te
x-text;!
Missing character: There is no 的 (U+7684) in font [lmroman9-regular]:mapping=te
x-text;!
Missing character: There is no 寄 (U+5BC4) in font [lmroman9-regular]:mapping=te
x-text;!
Missing character: There is no 存 (U+5B58) in font [lmroman9-regular]:mapping=te
x-text;!
Missing character: There is no 器 (U+5668) in font [lmroman9-regular]:mapping=te
x-text;!
Missing character: There is no 语 (U+8BED) in font [lmroman9-regular]:mapping=te
x-text;!
Missing character: There is no 义 (U+4E49) in font [lmroman9-regular]:mapping=te
x-text;!
Missing character: There is no 状 (U+72B6) in font [lmroman9-regular]:mapping=te
x-text;!
Missing character: There is no 态 (U+6001) in font [lmroman9-regular]:mapping=te
x-text;!
Missing character: There is no 参 (U+53C2) in font [lmroman9-regular]:mapping=te
x-text;!
Missing character: There is no 数 (U+6570) in font [lmroman9-regular]:mapping=te
x-text;!
Missing character: There is no 区 (U+533A) in font [lmroman9-regular]:mapping=te
x-text;!
Missing character: There is no 与 (U+4E0E) in font [lmroman9-regular]:mapping=te
x-text;!
Missing character: There is no 供 (U+4F9B) in font [lmroman9-regular]:mapping=te
x-text;!
Missing character: There is no 传 (U+4F20) in font [lmroman9-regular]:mapping=te
x-text;!
Missing character: There is no 参 (U+53C2) in font [lmroman9-regular]:mapping=te
x-text;!
Missing character: There is no 与 (U+4E0E) in font [lmroman9-regular]:mapping=te
x-text;!
Missing character: There is no 对 (U+5BF9) in font [lmroman9-regular]:mapping=te
x-text;!
Missing character: There is no 齐 (U+9F50) in font [lmroman9-regular]:mapping=te
x-text;!
Missing character: There is no 高 (U+9AD8) in font [lmroman7-regular]:mapping=te
x-text;!
Missing character: There is no 地 (U+5730) in font [lmroman7-regular]:mapping=te
x-text;!
Missing character: There is no 址 (U+5740) in font [lmroman7-regular]:mapping=te
x-text;!
Missing character: There is no 低 (U+4F4E) in font [lmroman7-regular]:mapping=te
x-text;!
Missing character: There is no 地 (U+5730) in font [lmroman7-regular]:mapping=te
x-text;!
Missing character: There is no 址 (U+5740) in font [lmroman7-regular]:mapping=te
x-text;!
Missing character: There is no 栈 (U+6808) in font [lmroman7-regular]:mapping=te
x-text;!
Missing character: There is no 向 (U+5411) in font [lmroman7-regular]:mapping=te
x-text;!
Missing character: There is no 低 (U+4F4E) in font [lmroman7-regular]:mapping=te
x-text;!
Missing character: There is no 地 (U+5730) in font [lmroman7-regular]:mapping=te
x-text;!
Missing character: There is no 址 (U+5740) in font [lmroman7-regular]:mapping=te
x-text;!
Missing character: There is no 增 (U+589E) in font [lmroman7-regular]:mapping=te
x-text;!
Missing character: There is no 长 (U+957F) in font [lmroman7-regular]:mapping=te
x-text;!
Missing character: There is no 调 (U+8C03) in font [lmroman7-regular]:mapping=te
x-text;!
Missing character: There is no 用 (U+7528) in font [lmroman7-regular]:mapping=te
x-text;!
Missing character: There is no 边 (U+8FB9) in font [lmroman7-regular]:mapping=te
x-text;!
Missing character: There is no 界 (U+754C) in font [lmroman7-regular]:mapping=te
x-text;!
Missing character: There is no 恢 (U+6062) in font [lmroman7-regular]:mapping=te
x-text;!
Missing character: There is no 复 (U+590D) in font [lmroman7-regular]:mapping=te
x-text;!
Missing character: There is no 异 (U+5F02) in font [lmroman7-regular]:mapping=te
x-text;!
Missing character: There is no 常 (U+5E38) in font [lmroman7-regular]:mapping=te
x-text;!
Missing character: There is no 栈 (U+6808) in font [lmroman7-regular]:mapping=te
x-text;!
Missing character: There is no 回 (U+56DE) in font [lmroman7-regular]:mapping=te
x-text;!
Missing character: There is no 溯 (U+6EAF) in font [lmroman7-regular]:mapping=te
x-text;!
Missing character: There is no 可 (U+53EF) in font [lmroman7-regular]:mapping=te
x-text;!
Missing character: There is no 见 (U+89C1) in font [lmroman7-regular]:mapping=te
x-text;!
Missing character: There is no 区 (U+533A) in font [lmroman7-regular]:mapping=te
x-text;!
)

[1

] (./_nterp_preview.aux)
 ***********
LaTeX2e <2024-11-01> patch level 2
L3 programming layer <2025-01-18>
 ***********
 
Here is how much of TeX's memory you used:
 12093 strings out of 473832
 256147 string characters out of 5729482
 619291 words of memory out of 5000000
 34973 multiletter control sequences out of 15000+600000
 558869 words of font info for 40 fonts, out of 8000000 for 9000
 1348 hyphenation exceptions out of 8191
 101i,7n,107p,496b,759s stack positions out of 10000i,1000n,20000p,200000b,200000s

Output written on _nterp_preview.pdf (1 page).
